A:\RAG\.venv\Scripts\python.exe : Warning: You are sending unauthenticated requests to the HF Hub. Please set a 
HF_TOKEN to enable higher rate limits and faster downloads.
At line:1 char:1
+ A:\RAG\.venv\Scripts\python.exe test_embedders_and_guardrails.py *>&1 ...
+ ~~~~~~~~~~~~~~~~~~~~~~~~~~~~~~~~~~~~~~~~~~~~~~~~~~~~~~~~~~~~~~~~~~~~~
    + CategoryInfo          : NotSpecified: (Warning: You ar...ster downloads.:String) [], RemoteException
    + FullyQualifiedErrorId : NativeCommandError
 
